// Vitest Snapshot v1, https://vitest.dev/guide/snapshot.html

exports[`useGoToPokemonDetails > should navigate to the pokemon details page 1`] = `undefined`;
